// Jest Snapshot v1, https://goo.gl/fbAQLP

exports[`Counter component should correspond to its snapshot 1`] = `
<section
  className="counter"
>
  Posts Count: 
  4
</section>
`;
